// Jest Snapshot v1, https://goo.gl/fbAQLP

exports[`<CompanyType /> CompanyType renders correctly 1`] = `
<fieldset
  class="companyTypes-fieldset"
>
  <div>
    <label
      style="display: inline-block;"
    >
      <input
        class="td-checkbox"
        name="companyTypes"
        type="checkbox"
        value="PRODUCER"
      />
      Producteur de déchets
    </label>
  </div>
  <div>
    <label
      style="display: inline-block;"
    >
      <input
        class="td-checkbox"
        name="companyTypes"
        type="checkbox"
        value="COLLECTOR"
      />
      Installation de Transit, regroupement ou tri de déchets
      <button
        class="tdTooltip"
        data-reach-tooltip-trigger=""
      >
        <svg
          clip-rule="evenodd"
          fill-rule="evenodd"
          height="20px"
          stroke-linecap="round"
          stroke-linejoin="round"
          stroke-width="0"
          viewBox="0 0 32 32"
          width="20px"
          xmlns="http://www.w3.org/2000/svg"
        >
          <circle
            cx="18"
            cy="16"
            fill="#0053b3"
            r="13"
            transform="translate(-6.154 -3.692) scale(1.23077)"
          />
          <path
            d="M11 11.09c0-2.792 2.298-5.088 5.091-5.088s5.091 2.297 5.091 5.09a5.1 5.1 0 0 1-3.394 4.8 2.552 2.552 0 0 0-1.697 2.4V20"
            fill="none"
            stroke="#fff"
            stroke-width="2.5455"
          />
          <path
            d="M16 25c-.275 0-.5.225-.5.5s.225.5.5.5.5-.225.5-.5-.225-.5-.5-.5"
            fill="#fff"
            fill-rule="nonzero"
            stroke="#fff"
            stroke-width="1.9999949999999997"
          />
        </svg>
      </button>
    </label>
  </div>
  <div>
    <label
      style="display: inline-block;"
    >
      <input
        class="td-checkbox"
        name="companyTypes"
        type="checkbox"
        value="WASTE_CENTER"
      />
      Installation de collecte de déchets apportés par le producteur initial
      <button
        class="tdTooltip"
        data-reach-tooltip-trigger=""
      >
        <svg
          clip-rule="evenodd"
          fill-rule="evenodd"
          height="20px"
          stroke-linecap="round"
          stroke-linejoin="round"
          stroke-width="0"
          viewBox="0 0 32 32"
          width="20px"
          xmlns="http://www.w3.org/2000/svg"
        >
          <circle
            cx="18"
            cy="16"
            fill="#0053b3"
            r="13"
            transform="translate(-6.154 -3.692) scale(1.23077)"
          />
          <path
            d="M11 11.09c0-2.792 2.298-5.088 5.091-5.088s5.091 2.297 5.091 5.09a5.1 5.1 0 0 1-3.394 4.8 2.552 2.552 0 0 0-1.697 2.4V20"
            fill="none"
            stroke="#fff"
            stroke-width="2.5455"
          />
          <path
            d="M16 25c-.275 0-.5.225-.5.5s.225.5.5.5.5-.225.5-.5-.225-.5-.5-.5"
            fill="#fff"
            fill-rule="nonzero"
            stroke="#fff"
            stroke-width="1.9999949999999997"
          />
        </svg>
      </button>
    </label>
  </div>
  <div>
    <label
      style="display: inline-block;"
    >
      <input
        class="td-checkbox"
        name="companyTypes"
        type="checkbox"
        value="WASTE_VEHICLES"
      />
      Installation d'entreposage, dépollution, démontage, découpage de VHU
      <button
        class="tdTooltip"
        data-reach-tooltip-trigger=""
      >
        <svg
          clip-rule="evenodd"
          fill-rule="evenodd"
          height="20px"
          stroke-linecap="round"
          stroke-linejoin="round"
          stroke-width="0"
          viewBox="0 0 32 32"
          width="20px"
          xmlns="http://www.w3.org/2000/svg"
        >
          <circle
            cx="18"
            cy="16"
            fill="#0053b3"
            r="13"
            transform="translate(-6.154 -3.692) scale(1.23077)"
          />
          <path
            d="M11 11.09c0-2.792 2.298-5.088 5.091-5.088s5.091 2.297 5.091 5.09a5.1 5.1 0 0 1-3.394 4.8 2.552 2.552 0 0 0-1.697 2.4V20"
            fill="none"
            stroke="#fff"
            stroke-width="2.5455"
          />
          <path
            d="M16 25c-.275 0-.5.225-.5.5s.225.5.5.5.5-.225.5-.5-.225-.5-.5-.5"
            fill="#fff"
            fill-rule="nonzero"
            stroke="#fff"
            stroke-width="1.9999949999999997"
          />
        </svg>
      </button>
    </label>
  </div>
  <div>
    <label
      style="display: inline-block;"
    >
      <input
        class="td-checkbox"
        name="companyTypes"
        type="checkbox"
        value="WASTEPROCESSOR"
      />
      Installation de traitement
      <button
        class="tdTooltip"
        data-reach-tooltip-trigger=""
      >
        <svg
          clip-rule="evenodd"
          fill-rule="evenodd"
          height="20px"
          stroke-linecap="round"
          stroke-linejoin="round"
          stroke-width="0"
          viewBox="0 0 32 32"
          width="20px"
          xmlns="http://www.w3.org/2000/svg"
        >
          <circle
            cx="18"
            cy="16"
            fill="#0053b3"
            r="13"
            transform="translate(-6.154 -3.692) scale(1.23077)"
          />
          <path
            d="M11 11.09c0-2.792 2.298-5.088 5.091-5.088s5.091 2.297 5.091 5.09a5.1 5.1 0 0 1-3.394 4.8 2.552 2.552 0 0 0-1.697 2.4V20"
            fill="none"
            stroke="#fff"
            stroke-width="2.5455"
          />
          <path
            d="M16 25c-.275 0-.5.225-.5.5s.225.5.5.5.5-.225.5-.5-.225-.5-.5-.5"
            fill="#fff"
            fill-rule="nonzero"
            stroke="#fff"
            stroke-width="1.9999949999999997"
          />
        </svg>
      </button>
    </label>
  </div>
  <div>
    <label
      style="display: inline-block;"
    >
      <input
        class="td-checkbox"
        name="companyTypes"
        type="checkbox"
        value="TRANSPORTER"
      />
      Transporteur
      <button
        class="tdTooltip"
        data-reach-tooltip-trigger=""
      >
        <svg
          clip-rule="evenodd"
          fill-rule="evenodd"
          height="20px"
          stroke-linecap="round"
          stroke-linejoin="round"
          stroke-width="0"
          viewBox="0 0 32 32"
          width="20px"
          xmlns="http://www.w3.org/2000/svg"
        >
          <circle
            cx="18"
            cy="16"
            fill="#0053b3"
            r="13"
            transform="translate(-6.154 -3.692) scale(1.23077)"
          />
          <path
            d="M11 11.09c0-2.792 2.298-5.088 5.091-5.088s5.091 2.297 5.091 5.09a5.1 5.1 0 0 1-3.394 4.8 2.552 2.552 0 0 0-1.697 2.4V20"
            fill="none"
            stroke="#fff"
            stroke-width="2.5455"
          />
          <path
            d="M16 25c-.275 0-.5.225-.5.5s.225.5.5.5.5-.225.5-.5-.225-.5-.5-.5"
            fill="#fff"
            fill-rule="nonzero"
            stroke="#fff"
            stroke-width="1.9999949999999997"
          />
        </svg>
      </button>
    </label>
  </div>
  <div>
    <label
      style="display: inline-block;"
    >
      <input
        class="td-checkbox"
        name="companyTypes"
        type="checkbox"
        value="TRADER"
      />
      Négociant
      <button
        class="tdTooltip"
        data-reach-tooltip-trigger=""
      >
        <svg
          clip-rule="evenodd"
          fill-rule="evenodd"
          height="20px"
          stroke-linecap="round"
          stroke-linejoin="round"
          stroke-width="0"
          viewBox="0 0 32 32"
          width="20px"
          xmlns="http://www.w3.org/2000/svg"
        >
          <circle
            cx="18"
            cy="16"
            fill="#0053b3"
            r="13"
            transform="translate(-6.154 -3.692) scale(1.23077)"
          />
          <path
            d="M11 11.09c0-2.792 2.298-5.088 5.091-5.088s5.091 2.297 5.091 5.09a5.1 5.1 0 0 1-3.394 4.8 2.552 2.552 0 0 0-1.697 2.4V20"
            fill="none"
            stroke="#fff"
            stroke-width="2.5455"
          />
          <path
            d="M16 25c-.275 0-.5.225-.5.5s.225.5.5.5.5-.225.5-.5-.225-.5-.5-.5"
            fill="#fff"
            fill-rule="nonzero"
            stroke="#fff"
            stroke-width="1.9999949999999997"
          />
        </svg>
      </button>
    </label>
  </div>
</fieldset>
`;
